{
  "name": "full",
  "private": "true",
  "version": "1.2.3",
  "description": "Package description",
  "keywords": [
    "a",
    "b",
    "c"
  ],
  "engines": {
    "node": "12.0.0",
    "npm": "6.0.0"
  },
  "type": "module",
  "browser": "dist/browser/index.js",
  "main": "dist/main/index.js",
  "module": "dist/module/index.js",
  "svelte": "src/index.js",
  "types": "dist/index.d.ts",
  "bin": "bin.js",
  "files": [
    "src",
    "test"
  ],
  "homepage": "https://host.com/test/repo",
  "bugs": "https://host.com/test/repo/issues",
  "repository": {
    "type": "git",
    "url": "git@host.com:test/repo.git"
  },
  "author": "Barney Rubble <b@rubble.com>",
  "contributors": [
    {
      "name": "Jane Smith",
      "email": "jane.smith@host.com"
    },
    "Jane Smith <jane.smith@host.com>",
    {
      "name": "John Smith",
      "email": "john.smith@host.com"
    },
    "John Smith <john.smith@host.com>"
  ],
  "funding": "https://host.com/donate",
  "license": "MIT",
  "scripts": {
    "build": "./build.sh",
    "lint": "./lint.sh",
    "test": "./test.sh"
  },
  "dependencies": {
    "express": "^1.0.0",
    "lodash": "^2.0.0"
  },
  "devDependencies": {
    "eslint": "^1.0.0",
    "jest": "^2.0.0"
  },
  "bundledDependencies": {
    "express": "^1.0.0",
    "lodash": "^2.0.0"
  },
  "optionalDependencies": {
    "bluebird": "^1.0.0",
    "fibers": "^2.0.0"
  },
  "peerDependencies": {
    "vue": "^1.0.0",
    "vue-template-compiler": "^2.0.0"
  },
  "publishConfig": {
    "access": "public",
    "registry": "https://internal.host.com/registry"
  },
  "eslintConfig": {
    "extends": "standard"
  },
  "jest": {
    "bail": 1,
    "verbose": true
  }
}
