{
  "name": "partial",
  "private": "true",
  "version": "4.5.6"
}
